<?xml version="1.0" encoding="UTF-8"?>
<testsuites name="jest tests" tests="4" failures="1" errors="0" time="7.472">
  <testsuite name="Categories" errors="0" failures="1" skipped="0" timestamp="2024-11-05T20:48:20" time="7.373" tests="4">
    <testcase classname="Categories GET /categories" name="Categories GET /categories" time="1.129">
    </testcase>
    <testcase classname="Categories Create Categories POST /categories" name="Categories Create Categories POST /categories" time="0.582">
    </testcase>
    <testcase classname="Categories Update categories PUT /categories" name="Categories Update categories PUT /categories" time="0.576">
      <failure>Error: expect(received).toEqual(expected) // deep equality

Expected: &quot;testitting this u&quot;
Received: undefined
    at C:\Users\BilalDedovic\Desktop\Bilal\apiTesting\specs\categoriesTest.spec.ts:66:38
    at Generator.next (&lt;anonymous&gt;)
    at fulfilled (C:\Users\BilalDedovic\Desktop\Bilal\apiTesting\specs\categoriesTest.spec.ts:5:58)
    at processTicksAndRejections (node:internal/process/task_queues:95:5)</failure>
    </testcase>
    <testcase classname="Categories Delete categories DELETE /categories" name="Categories Delete categories DELETE /categories" time="0.572">
    </testcase>
  </testsuite>
</testsuites>